{'date': '2015-11-02 19:38:23',
 'dislikes': 0,
 'id': 0,
 'isApproved': False,
 'isDeleted': False,
 'isEdited': True,
 'isHighlighted': True,
 'isSpam': True,
 'likes': 0,
 'message': 'my message 0my message 0my message 0my message 0my message 0my message 0my message 0my message 0my message 0my message 0my message 0',
 'parent': None,
 'points': 0,
 'thread': 1}
{'date': '2015-12-08 11:06:42',
 'dislikes': 0,
 'id': 1,
 'isApproved': False,
 'isDeleted': False,
 'isEdited': True,
 'isHighlighted': True,
 'isSpam': True,
 'likes': 0,
 'message': 'my message 1my message 1my message 1my message 1my message 1my message 1my message 1my message 1my message 1my message 1my message 1my message 1my message 1my message 1my message 1my message 1my message 1my message 1my message 1my message 1',
 'parent': 0,
 'points': 0,
 'thread': 1}
{'date': '2015-12-28 10:39:00',
 'dislikes': 0,
 'id': 2,
 'isApproved': True,
 'isDeleted': False,
 'isEdited': False,
 'isHighlighted': True,
 'isSpam': False,
 'likes': 0,
 'message': 'my message 2my message 2my message 2my message 2my message 2my message 2my message 2my message 2my message 2my message 2my message 2my message 2my message 2my message 2my message 2my message 2',
 'parent': 1,
 'points': 0,
 'thread': 1}
{'date': '2016-02-03 03:20:02',
 'dislikes': 0,
 'id': 3,
 'isApproved': True,
 'isDeleted': False,
 'isEdited': False,
 'isHighlighted': False,
 'isSpam': True,
 'likes': 0,
 'message': 'my message 3my message 3my message 3my message 3my message 3my message 3my message 3my message 3my message 3my message 3my message 3my message 3my message 3my message 3my message 3my message 3my message 3my message 3my message 3',
 'parent': None,
 'points': 0,
 'thread': 2}
{'date': '2016-02-05 21:32:32',
 'dislikes': 0,
 'id': 4,
 'isApproved': True,
 'isDeleted': False,
 'isEdited': True,
 'isHighlighted': True,
 'isSpam': False,
 'likes': 0,
 'message': 'my message 4my message 4my message 4my message 4my message 4my message 4my message 4my message 4my message 4my message 4my message 4my message 4my message 4my message 4my message 4my message 4my message 4',
 'parent': None,
 'points': 0,
 'thread': 1}
{'date': '2016-02-07 21:03:50',
 'dislikes': 0,
 'id': 5,
 'isApproved': False,
 'isDeleted': True,
 'isEdited': True,
 'isHighlighted': True,
 'isSpam': False,
 'likes': 0,
 'message': 'my message 5my message 5my message 5my message 5my message 5my message 5my message 5my message 5my message 5my message 5my message 5my message 5my message 5my message 5my message 5my message 5my message 5my message 5my message 5my message 5',
 'parent': 0,
 'points': 0,
 'thread': 1}
{'date': '2016-02-17 03:08:40',
 'dislikes': 0,
 'id': 6,
 'isApproved': True,
 'isDeleted': True,
 'isEdited': False,
 'isHighlighted': True,
 'isSpam': True,
 'likes': 0,
 'message': 'my message 6my message 6my message 6my message 6my message 6my message 6my message 6my message 6my message 6my message 6my message 6my message 6',
 'parent': 5,
 'points': 0,
 'thread': 1}
{'date': '2016-02-23 17:30:58',
 'dislikes': 0,
 'id': 7,
 'isApproved': False,
 'isDeleted': True,
 'isEdited': False,
 'isHighlighted': True,
 'isSpam': False,
 'likes': 0,
 'message': 'my message 7my message 7my message 7my message 7my message 7my message 7my message 7my message 7my message 7my message 7my message 7my message 7',
 'parent': None,
 'points': 0,
 'thread': 3}
{'date': '2016-02-24 20:28:06',
 'dislikes': 0,
 'id': 8,
 'isApproved': True,
 'isDeleted': True,
 'isEdited': False,
 'isHighlighted': True,
 'isSpam': True,
 'likes': 0,
 'message': 'my message 8my message 8my message 8my message 8my message 8my message 8my message 8my message 8my message 8my message 8my message 8my message 8',
 'parent': 4,
 'points': 0,
 'thread': 1}
********** beautifull tree ***********
-   0
--   1
---   2
--   5
---   6
-   3
-   4
--   8
-   7


***** sorted *****
{'since': '2014-01-02 00:00:00', 'limit': 2, 'order': 'asc'}
- 0: 2015-11-02 19:38:23
- 1: 2015-12-08 11:06:42


***** sorted *****
found node: 7
found node: 4
{8: <func_test.Post object at 0x7ffbf1b9ead0>}
found node: 8
found node: 3
found node: 0
{1: <func_test.Post object at 0x7ffbf5713d90>, 5: <func_test.Post object at 0x7ffbf5728bd0>}
found node: 1
{2: <func_test.Post object at 0x7ffbf5728ad0>}
found node: 2
found node: 5
{6: <func_test.Post object at 0x7ffbf1b9ea50>}
found node: 6
{'sort': 'tree', 'since': '2014-01-01 00:00:00', 'limit': 3, 'order': 'desc'}
- 7: 2016-02-23 17:30:58
- 4: 2016-02-05 21:32:32
- 8: 2016-02-24 20:28:06


***** sorted *****
found node: 0
{1: <func_test.Post object at 0x7ffbf5713d90>, 5: <func_test.Post object at 0x7ffbf5728bd0>}
found node: 1
{2: <func_test.Post object at 0x7ffbf5728ad0>}
found node: 2
found node: 5
{6: <func_test.Post object at 0x7ffbf1b9ea50>}
found node: 6
found node: 3
{'sort': 'parent_tree', 'since': '2014-01-01 00:00:00', 'limit': 2, 'order': 'asc'}
- 0: 2015-11-02 19:38:23
- 1: 2015-12-08 11:06:42
- 2: 2015-12-28 10:39:00
- 5: 2016-02-07 21:03:50
- 6: 2016-02-17 03:08:40
- 3: 2016-02-03 03:20:02


***** sorted *****
{'since': '2014-01-03 00:00:00', 'limit': 3, 'order': 'desc'}
- 8: 2016-02-24 20:28:06
- 7: 2016-02-23 17:30:58
- 6: 2016-02-17 03:08:40
